\BOOKMARK [1][-]{section.1}{\376\377\000I\000n\000t\000r\000o\000d\000u\000c\000t\000i\000o\000n}{}% 1
\BOOKMARK [2][-]{subsection.1.1}{\376\377\000G\000o\000a\000l\000\040\000o\000f\000\040\000t\000h\000e\000\040\000p\000a\000p\000e\000r}{section.1}% 2
\BOOKMARK [2][-]{subsection.1.2}{\376\377\000V\000i\000s\000i\000o\000n\000\040\000L\000a\000n\000g\000u\000a\000g\000e\000\040\000M\000o\000d\000e\000l}{section.1}% 3
\BOOKMARK [2][-]{subsection.1.3}{\376\377\000R\000e\000w\000a\000r\000d\000\040\000o\000f\000\040\000R\000e\000i\000n\000f\000o\000r\000c\000e\000m\000e\000n\000t\000\040\000L\000e\000a\000r\000n\000i\000n\000g}{section.1}% 4
\BOOKMARK [2][-]{subsection.1.4}{\376\377\000V\000i\000s\000i\000o\000n\000\040\000L\000a\000n\000g\000u\000a\000g\000e\000\040\000M\000o\000d\000e\000l\000\040\000a\000s\000\040\000R\000e\000w\000a\000r\000d\000\040\000M\000o\000d\000e\000l}{section.1}% 5
\BOOKMARK [2][-]{subsection.1.5}{\376\377\000M\000o\000d\000e\000l\000\040\000b\000a\000s\000e\000d\000\040\000R\000e\000i\000n\000f\000o\000r\000c\000e\000m\000e\000n\000t\000\040\000L\000e\000a\000r\000n\000i\000n\000g}{section.1}% 6
\BOOKMARK [2][-]{subsection.1.6}{\376\377\000R\000o\000b\000o\000t\000\040\000F\000o\000u\000n\000d\000a\000t\000i\000o\000n\000\040\000M\000o\000d\000e\000l}{section.1}% 7
\BOOKMARK [2][-]{subsection.1.7}{\376\377\000C\000o\000n\000t\000r\000i\000b\000u\000t\000i\000o\000n\000s}{section.1}% 8
\BOOKMARK [1][-]{section.2}{\376\377\000V\000L\000M\000\040\000b\000a\000s\000e\000d\000\040\000R\000e\000w\000a\000r\000d\000\040\000M\000o\000d\000e\000l}{}% 9
\BOOKMARK [2][-]{subsection.2.1}{\376\377\000C\000L\000I\000P}{section.2}% 10
\BOOKMARK [2][-]{subsection.2.2}{\376\377\000R\0003\000M}{section.2}% 11
\BOOKMARK [2][-]{subsection.2.3}{\376\377\000V\000o\000l\000t\000r\000o\000n}{section.2}% 12
\BOOKMARK [2][-]{subsection.2.4}{\376\377\000V\000I\000P}{section.2}% 13
\BOOKMARK [2][-]{subsection.2.5}{\376\377\000L\000I\000V}{section.2}% 14
\BOOKMARK [2][-]{subsection.2.6}{\376\377\000O\000v\000e\000r\000a\000l\000l\000\040\000L\000i\000m\000i\000t\000a\000t\000i\000o\000n\000s\000\040\000o\000f\000\040\000C\000L\000I\000P\000-\000s\000t\000y\000l\000e\000\040\000R\000e\000w\000a\000r\000d\000\040\000M\000o\000d\000e\000l\000s}{section.2}% 15
\BOOKMARK [1][-]{section.3}{\376\377\000V\000L\000M\000\040\000R\000M\000\040\000b\000a\000s\000e\000d\000\040\000R\000L}{}% 16
\BOOKMARK [2][-]{subsection.3.1}{\376\377\000V\000L\000M\000-\000R\000M\000s}{section.3}% 17
\BOOKMARK [2][-]{subsection.3.2}{\376\377\000R\000o\000b\000o\000C\000L\000I\000P}{section.3}% 18
\BOOKMARK [2][-]{subsection.3.3}{\376\377\000R\000L\000-\000V\000L\000M\000-\000F}{section.3}% 19
\BOOKMARK [2][-]{subsection.3.4}{\376\377\000F\000u\000R\000L}{section.3}% 20
\BOOKMARK [2][-]{subsection.3.5}{\376\377\000O\000v\000e\000r\000a\000l\000l\000\040\000L\000i\000m\000i\000t\000a\000t\000i\000o\000n\000s\000\040\000o\000f\000\040\000V\000L\000M\000-\000R\000M\000\040\000b\000a\000s\000e\000d\000\040\000R\000L}{section.3}% 21
\BOOKMARK [1][-]{section.4}{\376\377\000L\000I\000V\000e\000r\000s\000e\000:\000\040\000A\000\040\000W\000o\000r\000l\000d\000\040\000F\000o\000u\000n\000d\000a\000t\000i\000o\000n\000\040\000M\000o\000d\000e\000l\000\040\000U\000n\000i\000f\000y\000i\000n\000g\000\040\000D\000y\000n\000a\000m\000i\000c\000s\000\040\000a\000n\000d\000\040\000S\000e\000m\000a\000n\000t\000i\000c\000s}{}% 22
\BOOKMARK [2][-]{subsection.4.1}{\376\377\000P\000r\000o\000p\000o\000s\000e\000d\000\040\000W\000o\000r\000l\000d\000\040\000F\000o\000u\000n\000d\000a\000t\000i\000o\000n\000\040\000M\000o\000d\000e\000l}{section.4}% 23
\BOOKMARK [2][-]{subsection.4.2}{\376\377\000D\000r\000e\000a\000m\000e\000r\000\040\000b\000a\000s\000e\000d\000\040\000I\000m\000p\000l\000e\000m\000e\000n\000t\000a\000t\000i\000o\000n}{section.4}% 24
\BOOKMARK [2][-]{subsection.4.3}{\376\377\000C\000o\000m\000p\000o\000n\000e\000n\000t\000s\000\040\000o\000f\000\040\000L\000I\000V\000e\000r\000s\000e}{section.4}% 25
\BOOKMARK [2][-]{subsection.4.4}{\376\377\000T\000r\000a\000i\000n\000i\000n\000g\000\040\000O\000b\000j\000e\000c\000t\000i\000v\000e\000s}{section.4}% 26
\BOOKMARK [1][-]{section.5}{\376\377\000M\000o\000d\000e\000l\000-\000b\000a\000s\000e\000d\000\040\000R\000e\000i\000n\000f\000o\000r\000c\000e\000m\000e\000n\000t\000\040\000L\000e\000a\000r\000n\000i\000n\000g\000\040\000A\000g\000e\000n\000t\000s\000\040\000w\000i\000t\000h\000\040\000L\000I\000V\000e\000r\000s\000e}{}% 27
\BOOKMARK [2][-]{subsection.5.1}{\376\377\000A\000c\000t\000o\000r\000-\000C\000r\000i\000t\000i\000c\000\040\000A\000g\000e\000n\000t\000\040\000w\000i\000t\000h\000\040\000L\000I\000V\000e\000r\000s\000e}{section.5}% 28
\BOOKMARK [2][-]{subsection.5.2}{\376\377\000S\000a\000m\000p\000l\000i\000n\000g\000-\000b\000a\000s\000e\000d\000\040\000M\000P\000C\000\040\000A\000g\000e\000n\000t\000\040\000w\000i\000t\000h\000\040\000L\000I\000V\000e\000r\000s\000e}{section.5}% 29
\BOOKMARK [1][-]{section.6}{\376\377\000D\000e\000l\000t\000a\000-\000s\000c\000o\000r\000e\000\040\000b\000a\000s\000e\000d\000\040\000R\000e\000w\000a\000r\000d\000\040\000f\000o\000r\000\040\000S\000t\000e\000p\000-\000w\000i\000s\000e\000\040\000P\000l\000a\000n\000n\000i\000n\000g}{}% 30
\BOOKMARK [2][-]{subsection.6.1}{\376\377\000S\000t\000e\000p\000-\000w\000i\000s\000e\000\040\000P\000l\000a\000n\000n\000i\000n\000g}{section.6}% 31
\BOOKMARK [2][-]{subsection.6.2}{\376\377\000D\000e\000l\000t\000a\000-\000s\000c\000o\000r\000e\000\040\000b\000a\000s\000e\000d\000\040\000r\000e\000w\000a\000r\000d}{section.6}% 32
\BOOKMARK [1][-]{section.7}{\376\377\000E\000x\000p\000e\000r\000i\000m\000e\000n\000t\000s}{}% 33
\BOOKMARK [2][-]{subsection.7.1}{\376\377\000M\000e\000t\000a\000-\000W\000o\000r\000l\000d\000\040\000E\000n\000v\000i\000r\000o\000n\000m\000e\000n\000t}{section.7}% 34
\BOOKMARK [2][-]{subsection.7.2}{\376\377\000S\000e\000l\000e\000c\000t\000i\000n\000g\000\040\000C\000a\000m\000e\000r\000a\000\040\000v\000i\000e\000w\000\040\000a\000n\000d\000\040\000T\000e\000x\000t\000\040\000d\000e\000s\000c\000r\000i\000p\000t\000i\000o\000n}{section.7}% 35
\BOOKMARK [2][-]{subsection.7.3}{\376\377\000L\000e\000a\000r\000n\000i\000n\000g\000\040\000p\000r\000o\000c\000e\000s\000s\000\040\000o\000f\000\040\000L\000I\000V\000e\000r\000s\000e}{section.7}% 36
\BOOKMARK [2][-]{subsection.7.4}{\376\377\000T\000r\000a\000n\000s\000f\000e\000r\000\040\000L\000e\000a\000r\000n\000i\000n\000g\000\040\000o\000f\000\040\000W\000o\000r\000l\000d\000\040\000M\000o\000d\000e\000l}{section.7}% 37
\BOOKMARK [2][-]{subsection.7.5}{\376\377\000Z\000e\000r\000o\000-\000S\000h\000o\000t\000\040\000P\000o\000l\000i\000c\000y\000\040\000p\000e\000r\000f\000o\000r\000m\000a\000n\000c\000e\000\040\000o\000f\000\040\000L\000I\000V\000e\000r\000s\000e\000\040\000b\000a\000s\000e\000d\000\040\000M\000P\000C}{section.7}% 38
\BOOKMARK [2][-]{subsection.7.6}{\376\377\000S\000t\000e\000p\000-\000w\000i\000s\000e\000\040\000p\000l\000a\000n\000n\000i\000n\000g\000\040\000w\000i\000t\000h\000\040\000D\000e\000l\000t\000a\000-\000s\000c\000o\000r\000e\000\040\000b\000a\000s\000e\000d\000\040\000r\000e\000w\000a\000r\000d}{section.7}% 39
\BOOKMARK [1][-]{section.8}{\376\377\000C\000o\000n\000c\000l\000u\000s\000i\000o\000n\000s\000\040\000a\000n\000d\000\040\000F\000u\000t\000u\000r\000e\000\040\000w\000o\000r\000k\000s}{}% 40
